=== full_ce_both_sl_lam0.005_seed0
  ep   1/30 | ce_f 3.754 ce_c 2.359 sl 59.360 | val fine 0.2342 coarse 0.3518 cons 0.4798 | 11s
  ep   5/30 | ce_f 1.737 ce_c 1.212 sl 4.155 | val fine 0.4726 coarse 0.5782 cons 0.7026 | 53s
  ep  10/30 | ce_f 1.063 ce_c 0.664 sl 3.309 | val fine 0.5730 coarse 0.6952 cons 0.8190 | 106s
  ep  15/30 | ce_f 0.719 ce_c 0.410 sl 2.940 | val fine 0.5994 coarse 0.7268 cons 0.8418 | 159s
  ep  20/30 | ce_f 0.441 ce_c 0.229 sl 2.523 | val fine 0.6542 coarse 0.7718 cons 0.8744 | 211s
  ep  25/30 | ce_f 0.156 ce_c 0.058 sl 1.751 | val fine 0.7130 coarse 0.8148 cons 0.9034 | 264s
  ep  30/30 | ce_f 0.067 ce_c 0.018 sl 1.312 | val fine 0.7274 coarse 0.8298 cons 0.9134 | 317s
    test fine 0.7331 coarse 0.8224 cons 0.8991
=== full_ce_both_sl_lam0.02_seed0
  ep   1/30 | ce_f 3.745 ce_c 2.359 sl 36.253 | val fine 0.2534 coarse 0.3880 cons 0.4968 | 11s
  ep   5/30 | ce_f 1.743 ce_c 1.226 sl 3.317 | val fine 0.4852 coarse 0.5822 cons 0.7052 | 53s
  ep  10/30 | ce_f 1.060 ce_c 0.663 sl 2.634 | val fine 0.5778 coarse 0.6846 cons 0.7960 | 105s
  ep  15/30 | ce_f 0.719 ce_c 0.415 sl 2.261 | val fine 0.5974 coarse 0.7140 cons 0.8302 | 157s
  ep  20/30 | ce_f 0.429 ce_c 0.224 sl 1.888 | val fine 0.6594 coarse 0.7620 cons 0.8720 | 209s
  ep  25/30 | ce_f 0.149 ce_c 0.055 sl 1.193 | val fine 0.7176 coarse 0.8098 cons 0.9024 | 261s
  ep  30/30 | ce_f 0.061 ce_c 0.016 sl 0.841 | val fine 0.7272 coarse 0.8214 cons 0.9118 | 313s
    test fine 0.7311 coarse 0.8225 cons 0.9011
=== full_ce_both_sl_lam0.1_seed0
  ep   1/30 | ce_f 3.730 ce_c 2.347 sl 20.566 | val fine 0.2512 coarse 0.3714 cons 0.4794 | 11s
  ep   5/30 | ce_f 1.743 ce_c 1.226 sl 2.893 | val fine 0.4920 coarse 0.5996 cons 0.7220 | 52s
  ep  10/30 | ce_f 1.052 ce_c 0.648 sl 2.087 | val fine 0.5552 coarse 0.6788 cons 0.8168 | 104s
  ep  15/30 | ce_f 0.707 ce_c 0.405 sl 1.706 | val fine 0.6284 coarse 0.7386 cons 0.8474 | 156s
  ep  20/30 | ce_f 0.415 ce_c 0.210 sl 1.322 | val fine 0.6638 coarse 0.7714 cons 0.8616 | 208s
  ep  25/30 | ce_f 0.134 ce_c 0.046 sl 0.755 | val fine 0.7198 coarse 0.8138 cons 0.8928 | 260s
  ep  30/30 | ce_f 0.053 ce_c 0.012 sl 0.486 | val fine 0.7318 coarse 0.8336 cons 0.9010 | 312s
    test fine 0.7323 coarse 0.8306 cons 0.8960
=== full_ce_both_sl_lam0.5_seed0
  ep   1/30 | ce_f 3.700 ce_c 2.325 sl 12.292 | val fine 0.2546 coarse 0.3748 cons 0.4822 | 11s
  ep   5/30 | ce_f 1.721 ce_c 1.200 sl 2.398 | val fine 0.4836 coarse 0.5954 cons 0.7256 | 52s
  ep  10/30 | ce_f 1.034 ce_c 0.631 sl 1.621 | val fine 0.5720 coarse 0.7008 cons 0.8284 | 104s
  ep  15/30 | ce_f 0.695 ce_c 0.390 sl 1.277 | val fine 0.6284 coarse 0.7496 cons 0.8648 | 156s
  ep  20/30 | ce_f 0.406 ce_c 0.195 sl 0.939 | val fine 0.6612 coarse 0.7764 cons 0.8794 | 208s
  ep  25/30 | ce_f 0.127 ce_c 0.037 sl 0.475 | val fine 0.7136 coarse 0.8234 cons 0.8962 | 260s
  ep  30/30 | ce_f 0.042 ce_c 0.007 sl 0.258 | val fine 0.7324 coarse 0.8278 cons 0.9016 | 312s
    test fine 0.7373 coarse 0.8281 cons 0.9030
*** full: val fine acc by lambda {0.005: 0.727400004863739, 0.02: 0.7271999716758728, 0.1: 0.7318000197410583, 0.5: 0.7324000000953674} -> lambda=0.5
=== semi_ce_both_sl_lam0.005_seed0
  ep   1/30 | ce_f 5.699 ce_c 4.043 sl 97.539 | val fine 0.0276 coarse 0.0832 cons 0.0168 | 11s
  ep   5/30 | ce_f 3.887 ce_c 2.542 sl 18.490 | val fine 0.1016 coarse 0.2284 cons 0.4336 | 53s
  ep  10/30 | ce_f 3.235 ce_c 2.218 sl 8.583 | val fine 0.1624 coarse 0.2948 cons 0.5270 | 105s
  ep  15/30 | ce_f 2.716 ce_c 1.928 sl 6.700 | val fine 0.1902 coarse 0.3372 cons 0.5780 | 157s
  ep  20/30 | ce_f 2.072 ce_c 1.526 sl 5.393 | val fine 0.2668 coarse 0.4054 cons 0.5998 | 209s
  ep  25/30 | ce_f 1.068 ce_c 0.806 sl 4.383 | val fine 0.3366 coarse 0.4746 cons 0.6626 | 261s
  ep  30/30 | ce_f 0.324 ce_c 0.185 sl 4.233 | val fine 0.3734 coarse 0.5170 cons 0.7108 | 313s
    test fine 0.3758 coarse 0.5235 cons 0.7161
=== semi_ce_both_sl_lam0.02_seed0
  ep   1/30 | ce_f 5.651 ce_c 3.936 sl 68.514 | val fine 0.0260 coarse 0.1138 cons 0.0890 | 11s
  ep   5/30 | ce_f 3.871 ce_c 2.535 sl 6.412 | val fine 0.1040 coarse 0.2112 cons 0.4078 | 52s
  ep  10/30 | ce_f 3.174 ce_c 2.174 sl 4.754 | val fine 0.1616 coarse 0.3202 cons 0.5330 | 104s
  ep  15/30 | ce_f 2.618 ce_c 1.864 sl 4.191 | val fine 0.2168 coarse 0.3794 cons 0.5748 | 156s
  ep  20/30 | ce_f 1.968 ce_c 1.455 sl 3.783 | val fine 0.2742 coarse 0.4262 cons 0.6220 | 208s
  ep  25/30 | ce_f 0.917 ce_c 0.701 sl 3.582 | val fine 0.3422 coarse 0.4932 cons 0.6774 | 260s
  ep  30/30 | ce_f 0.261 ce_c 0.146 sl 3.577 | val fine 0.3776 coarse 0.5334 cons 0.7234 | 312s
    test fine 0.3856 coarse 0.5277 cons 0.7310
=== semi_ce_both_sl_lam0.1_seed0
  ep   1/30 | ce_f 5.863 ce_c 3.952 sl 40.144 | val fine 0.0214 coarse 0.1176 cons 0.2154 | 11s
  ep   5/30 | ce_f 3.851 ce_c 2.519 sl 4.498 | val fine 0.0976 coarse 0.2184 cons 0.3456 | 52s
  ep  10/30 | ce_f 3.215 ce_c 2.189 sl 3.926 | val fine 0.1628 coarse 0.3050 cons 0.5270 | 104s
  ep  15/30 | ce_f 2.687 ce_c 1.900 sl 3.564 | val fine 0.2252 coarse 0.3890 cons 0.5994 | 156s
  ep  20/30 | ce_f 2.001 ce_c 1.456 sl 3.245 | val fine 0.2648 coarse 0.4176 cons 0.6252 | 208s
  ep  25/30 | ce_f 0.966 ce_c 0.707 sl 2.927 | val fine 0.3420 coarse 0.4984 cons 0.6930 | 260s
  ep  30/30 | ce_f 0.282 ce_c 0.151 sl 2.656 | val fine 0.3746 coarse 0.5382 cons 0.7418 | 311s
    test fine 0.3896 coarse 0.5335 cons 0.7368
=== semi_ce_both_sl_lam0.5_seed0
  ep   1/30 | ce_f 5.637 ce_c 3.805 sl 19.100 | val fine 0.0296 coarse 0.1164 cons 0.2546 | 11s
  ep   5/30 | ce_f 3.929 ce_c 2.603 sl 4.031 | val fine 0.0964 coarse 0.2274 cons 0.4986 | 52s
  ep  10/30 | ce_f 3.245 ce_c 2.253 sl 3.449 | val fine 0.1622 coarse 0.3248 cons 0.6020 | 104s
  ep  15/30 | ce_f 2.689 ce_c 1.932 sl 3.089 | val fine 0.2204 coarse 0.3896 cons 0.6650 | 156s
  ep  20/30 | ce_f 2.054 ce_c 1.501 sl 2.792 | val fine 0.2782 coarse 0.4462 cons 0.6846 | 208s
  ep  25/30 | ce_f 1.022 ce_c 0.749 sl 2.370 | val fine 0.3518 coarse 0.5162 cons 0.7602 | 260s
  ep  30/30 | ce_f 0.333 ce_c 0.178 sl 2.022 | val fine 0.3948 coarse 0.5574 cons 0.7904 | 312s
    test fine 0.3972 coarse 0.5579 cons 0.7882
*** semi: val fine acc by lambda {0.005: 0.3734000027179718, 0.02: 0.3776000142097473, 0.1: 0.37459999322891235, 0.5: 0.39480000734329224} -> lambda=0.5
=== weak_ce_both_sl_lam0.005_seed0
  ep   1/30 | ce_f 5.968 ce_c 2.774 sl 95.117 | val fine 0.0388 coarse 0.1946 cons 0.1730 | 11s
  ep   5/30 | ce_f 3.592 ce_c 2.140 sl 10.666 | val fine 0.1326 coarse 0.3328 cons 0.4728 | 52s
  ep  10/30 | ce_f 2.377 ce_c 1.514 sl 6.006 | val fine 0.2330 coarse 0.4802 cons 0.5750 | 104s
  ep  15/30 | ce_f 1.564 ce_c 1.236 sl 4.992 | val fine 0.3408 coarse 0.5656 cons 0.6220 | 156s
  ep  20/30 | ce_f 0.797 ce_c 1.015 sl 4.360 | val fine 0.3762 coarse 0.6258 cons 0.6590 | 208s
  ep  25/30 | ce_f 0.088 ce_c 0.654 sl 3.542 | val fine 0.4994 coarse 0.7228 cons 0.7502 | 260s
  ep  30/30 | ce_f 0.021 ce_c 0.467 sl 3.233 | val fine 0.5174 coarse 0.7374 cons 0.7622 | 312s
    test fine 0.5273 coarse 0.7384 cons 0.7585
=== weak_ce_both_sl_lam0.02_seed0
  ep   1/30 | ce_f 5.412 ce_c 2.757 sl 61.841 | val fine 0.0430 coarse 0.2036 cons 0.2690 | 11s
  ep   5/30 | ce_f 3.563 ce_c 2.108 sl 5.179 | val fine 0.1420 coarse 0.3396 cons 0.4954 | 52s
  ep  10/30 | ce_f 2.351 ce_c 1.484 sl 4.013 | val fine 0.2510 coarse 0.4964 cons 0.6066 | 104s
  ep  15/30 | ce_f 1.543 ce_c 1.226 sl 3.646 | val fine 0.3468 coarse 0.5756 cons 0.6450 | 156s
  ep  20/30 | ce_f 0.752 ce_c 0.995 sl 3.367 | val fine 0.3810 coarse 0.6020 cons 0.6650 | 208s
  ep  25/30 | ce_f 0.091 ce_c 0.656 sl 2.901 | val fine 0.5022 coarse 0.7162 cons 0.7488 | 260s
  ep  30/30 | ce_f 0.025 ce_c 0.473 sl 2.643 | val fine 0.5214 coarse 0.7328 cons 0.7610 | 312s
    test fine 0.5339 coarse 0.7351 cons 0.7680
=== weak_ce_both_sl_lam0.1_seed0
  ep   1/30 | ce_f 5.602 ce_c 2.760 sl 31.556 | val fine 0.0494 coarse 0.2224 cons 0.3324 | 11s
  ep   5/30 | ce_f 3.400 ce_c 1.975 sl 4.032 | val fine 0.1544 coarse 0.3568 cons 0.5288 | 52s
  ep  10/30 | ce_f 2.169 ce_c 1.401 sl 3.279 | val fine 0.2638 coarse 0.5336 cons 0.6152 | 104s
  ep  15/30 | ce_f 1.434 ce_c 1.158 sl 2.977 | val fine 0.3352 coarse 0.5832 cons 0.6534 | 156s
  ep  20/30 | ce_f 0.697 ce_c 0.937 sl 2.665 | val fine 0.3790 coarse 0.6298 cons 0.6918 | 208s
  ep  25/30 | ce_f 0.069 ce_c 0.588 sl 2.087 | val fine 0.5158 coarse 0.7322 cons 0.7784 | 260s
  ep  30/30 | ce_f 0.020 ce_c 0.414 sl 1.832 | val fine 0.5358 coarse 0.7486 cons 0.7992 | 312s
    test fine 0.5518 coarse 0.7497 cons 0.7937
=== weak_ce_both_sl_lam0.5_seed0
  ep   1/30 | ce_f 5.523 ce_c 2.711 sl 15.999 | val fine 0.0542 coarse 0.2330 cons 0.3964 | 11s
  ep   5/30 | ce_f 3.315 ce_c 1.922 sl 3.486 | val fine 0.1394 coarse 0.3738 cons 0.5992 | 52s
  ep  10/30 | ce_f 2.132 ce_c 1.362 sl 2.690 | val fine 0.2964 coarse 0.5370 cons 0.6672 | 104s
  ep  15/30 | ce_f 1.325 ce_c 1.130 sl 2.355 | val fine 0.3642 coarse 0.5998 cons 0.7228 | 156s
  ep  20/30 | ce_f 0.553 ce_c 0.882 sl 1.983 | val fine 0.4388 coarse 0.6512 cons 0.7678 | 208s
  ep  25/30 | ce_f 0.073 ce_c 0.546 sl 1.451 | val fine 0.5502 coarse 0.7490 cons 0.8254 | 260s
  ep  30/30 | ce_f 0.017 ce_c 0.367 sl 1.198 | val fine 0.5766 coarse 0.7704 cons 0.8512 | 312s
    test fine 0.5904 coarse 0.7661 cons 0.8557
*** weak: val fine acc by lambda {0.005: 0.5174000263214111, 0.02: 0.521399974822998, 0.1: 0.5357999801635742, 0.5: 0.5766000151634216} -> lambda=0.5
=== full_ce_fine_seed0
  ep   1/30 | ce_f 3.730 ce_c 0.000 sl 0.000 | val fine 0.2562 coarse 0.0504 cons 0.0484 | 11s
  ep   5/30 | ce_f 1.861 ce_c 0.000 sl 0.000 | val fine 0.4572 coarse 0.0398 cons 0.0228 | 52s
  ep  10/30 | ce_f 1.033 ce_c 0.000 sl 0.000 | val fine 0.5730 coarse 0.0364 cons 0.0318 | 104s
  ep  15/30 | ce_f 0.653 ce_c 0.000 sl 0.000 | val fine 0.6176 coarse 0.0310 cons 0.0316 | 156s
  ep  20/30 | ce_f 0.356 ce_c 0.000 sl 0.000 | val fine 0.6762 coarse 0.0280 cons 0.0272 | 208s
  ep  25/30 | ce_f 0.099 ce_c 0.000 sl 0.000 | val fine 0.7196 coarse 0.0262 cons 0.0242 | 260s
  ep  30/30 | ce_f 0.035 ce_c 0.000 sl 0.000 | val fine 0.7312 coarse 0.0248 cons 0.0266 | 311s
    test fine 0.7398 coarse 0.0257 cons 0.0253
=== full_ce_both_seed0
  ep   1/30 | ce_f 3.762 ce_c 2.360 sl 0.000 | val fine 0.2394 coarse 0.3658 cons 0.4744 | 11s
  ep   5/30 | ce_f 1.731 ce_c 1.188 sl 0.000 | val fine 0.4616 coarse 0.5562 cons 0.7122 | 52s
  ep  10/30 | ce_f 1.065 ce_c 0.666 sl 0.000 | val fine 0.5632 coarse 0.7074 cons 0.8080 | 104s
  ep  15/30 | ce_f 0.720 ce_c 0.417 sl 0.000 | val fine 0.6222 coarse 0.7296 cons 0.8348 | 156s
  ep  20/30 | ce_f 0.438 ce_c 0.230 sl 0.000 | val fine 0.6592 coarse 0.7630 cons 0.8746 | 208s
  ep  25/30 | ce_f 0.159 ce_c 0.062 sl 0.000 | val fine 0.7138 coarse 0.8074 cons 0.8976 | 260s
  ep  30/30 | ce_f 0.069 ce_c 0.018 sl 0.000 | val fine 0.7344 coarse 0.8302 cons 0.9140 | 312s
    test fine 0.7336 coarse 0.8251 cons 0.9082
=== full_ce_both_sl_seed0
  ep   1/30 | ce_f 3.700 ce_c 2.325 sl 12.292 | val fine 0.2546 coarse 0.3748 cons 0.4822 | 11s
  ep   5/30 | ce_f 1.729 ce_c 1.200 sl 2.405 | val fine 0.4420 coarse 0.5482 cons 0.7280 | 52s
  ep  10/30 | ce_f 1.040 ce_c 0.636 sl 1.628 | val fine 0.5888 coarse 0.7040 cons 0.8308 | 104s
  ep  15/30 | ce_f 0.694 ce_c 0.387 sl 1.269 | val fine 0.6048 coarse 0.7322 cons 0.8558 | 156s
  ep  20/30 | ce_f 0.400 ce_c 0.191 sl 0.933 | val fine 0.6704 coarse 0.7834 cons 0.8770 | 208s
  ep  25/30 | ce_f 0.126 ce_c 0.039 sl 0.480 | val fine 0.7200 coarse 0.8162 cons 0.8980 | 260s
  ep  30/30 | ce_f 0.041 ce_c 0.008 sl 0.259 | val fine 0.7370 coarse 0.8366 cons 0.9076 | 312s
    test fine 0.7364 coarse 0.8314 cons 0.8994
=== semi_ce_fine_seed0
  ep   1/30 | ce_f 5.863 ce_c 0.000 sl 0.000 | val fine 0.0162 coarse 0.0452 cons 0.0008 | 11s
  ep   5/30 | ce_f 3.932 ce_c 0.000 sl 0.000 | val fine 0.0942 coarse 0.0520 cons 0.0328 | 52s
  ep  10/30 | ce_f 3.274 ce_c 0.000 sl 0.000 | val fine 0.1690 coarse 0.0502 cons 0.0874 | 104s
  ep  15/30 | ce_f 2.657 ce_c 0.000 sl 0.000 | val fine 0.2090 coarse 0.0516 cons 0.0642 | 156s
  ep  20/30 | ce_f 1.902 ce_c 0.000 sl 0.000 | val fine 0.2888 coarse 0.0420 cons 0.0494 | 208s
  ep  25/30 | ce_f 0.764 ce_c 0.000 sl 0.000 | val fine 0.3246 coarse 0.0460 cons 0.0446 | 260s
  ep  30/30 | ce_f 0.164 ce_c 0.000 sl 0.000 | val fine 0.3674 coarse 0.0448 cons 0.0436 | 312s
    test fine 0.3763 coarse 0.0440 cons 0.0464
=== semi_ce_both_seed0
  ep   1/30 | ce_f 5.869 ce_c 3.947 sl 0.000 | val fine 0.0236 coarse 0.1122 cons 0.1896 | 11s
  ep   5/30 | ce_f 3.897 ce_c 2.534 sl 0.000 | val fine 0.1004 coarse 0.2126 cons 0.4384 | 52s
  ep  10/30 | ce_f 3.256 ce_c 2.210 sl 0.000 | val fine 0.1566 coarse 0.2786 cons 0.5434 | 104s
  ep  15/30 | ce_f 2.748 ce_c 1.930 sl 0.000 | val fine 0.1804 coarse 0.3276 cons 0.5902 | 156s
  ep  20/30 | ce_f 2.124 ce_c 1.554 sl 0.000 | val fine 0.2740 coarse 0.4160 cons 0.6414 | 208s
  ep  25/30 | ce_f 1.146 ce_c 0.854 sl 0.000 | val fine 0.3346 coarse 0.4786 cons 0.6884 | 260s
  ep  30/30 | ce_f 0.401 ce_c 0.228 sl 0.000 | val fine 0.3724 coarse 0.5214 cons 0.7164 | 312s
    test fine 0.3748 coarse 0.5130 cons 0.7189
=== semi_ce_both_sl_seed0
  ep   1/30 | ce_f 5.629 ce_c 3.812 sl 19.072 | val fine 0.0234 coarse 0.1078 cons 0.2290 | 11s
  ep   5/30 | ce_f 3.898 ce_c 2.578 sl 3.999 | val fine 0.0996 coarse 0.2344 cons 0.5050 | 52s
  ep  10/30 | ce_f 3.221 ce_c 2.244 sl 3.420 | val fine 0.1650 coarse 0.3126 cons 0.6092 | 104s
  ep  15/30 | ce_f 2.726 ce_c 1.947 sl 3.112 | val fine 0.2154 coarse 0.3720 cons 0.6696 | 156s
  ep  20/30 | ce_f 2.065 ce_c 1.505 sl 2.786 | val fine 0.2800 coarse 0.4438 cons 0.6968 | 208s
  ep  25/30 | ce_f 1.009 ce_c 0.715 sl 2.374 | val fine 0.3450 coarse 0.5138 cons 0.7522 | 260s
  ep  30/30 | ce_f 0.333 ce_c 0.174 sl 2.040 | val fine 0.3896 coarse 0.5622 cons 0.7960 | 312s
    test fine 0.4073 coarse 0.5558 cons 0.7887
=== weak_ce_fine_seed0
  ep   1/30 | ce_f 5.863 ce_c 0.000 sl 0.000 | val fine 0.0162 coarse 0.0452 cons 0.0008 | 11s
  ep   5/30 | ce_f 3.932 ce_c 0.000 sl 0.000 | val fine 0.0942 coarse 0.0520 cons 0.0328 | 54s
  ep  10/30 | ce_f 3.274 ce_c 0.000 sl 0.000 | val fine 0.1690 coarse 0.0502 cons 0.0874 | 106s
  ep  15/30 | ce_f 2.657 ce_c 0.000 sl 0.000 | val fine 0.2090 coarse 0.0516 cons 0.0642 | 158s
  ep  20/30 | ce_f 1.902 ce_c 0.000 sl 0.000 | val fine 0.2888 coarse 0.0420 cons 0.0494 | 210s
  ep  25/30 | ce_f 0.764 ce_c 0.000 sl 0.000 | val fine 0.3246 coarse 0.0460 cons 0.0446 | 262s
  ep  30/30 | ce_f 0.164 ce_c 0.000 sl 0.000 | val fine 0.3674 coarse 0.0448 cons 0.0436 | 314s
    test fine 0.3763 coarse 0.0440 cons 0.0464
=== weak_ce_both_seed0
  ep   1/30 | ce_f 5.762 ce_c 2.772 sl 0.000 | val fine 0.0472 coarse 0.1928 cons 0.1524 | 11s
  ep   5/30 | ce_f 3.387 ce_c 2.007 sl 0.000 | val fine 0.1432 coarse 0.3438 cons 0.5222 | 52s
  ep  10/30 | ce_f 2.162 ce_c 1.421 sl 0.000 | val fine 0.2714 coarse 0.4938 cons 0.6004 | 104s
  ep  15/30 | ce_f 1.468 ce_c 1.192 sl 0.000 | val fine 0.3474 coarse 0.5800 cons 0.6464 | 156s
  ep  20/30 | ce_f 0.676 ce_c 0.970 sl 0.000 | val fine 0.4078 coarse 0.6250 cons 0.6870 | 208s
  ep  25/30 | ce_f 0.087 ce_c 0.626 sl 0.000 | val fine 0.5114 coarse 0.7302 cons 0.7614 | 260s
  ep  30/30 | ce_f 0.020 ce_c 0.446 sl 0.000 | val fine 0.5334 coarse 0.7498 cons 0.7690 | 312s
    test fine 0.5428 coarse 0.7465 cons 0.7731
=== weak_ce_both_sl_seed0
  ep   1/30 | ce_f 5.523 ce_c 2.711 sl 15.999 | val fine 0.0542 coarse 0.2330 cons 0.3964 | 11s
  ep   5/30 | ce_f 3.315 ce_c 1.922 sl 3.486 | val fine 0.1394 coarse 0.3738 cons 0.5992 | 52s
  ep  10/30 | ce_f 2.120 ce_c 1.365 sl 2.689 | val fine 0.2836 coarse 0.5360 cons 0.6710 | 104s
  ep  15/30 | ce_f 1.367 ce_c 1.125 sl 2.368 | val fine 0.3560 coarse 0.5852 cons 0.7152 | 156s
  ep  20/30 | ce_f 0.564 ce_c 0.880 sl 1.978 | val fine 0.4480 coarse 0.6742 cons 0.7662 | 208s
  ep  25/30 | ce_f 0.059 ce_c 0.545 sl 1.450 | val fine 0.5530 coarse 0.7462 cons 0.8396 | 260s
  ep  30/30 | ce_f 0.014 ce_c 0.367 sl 1.190 | val fine 0.5716 coarse 0.7586 cons 0.8482 | 312s
    test fine 0.5877 coarse 0.7636 cons 0.8579
=== full_ce_fine_seed1
  ep   1/30 | ce_f 3.561 ce_c 0.000 sl 0.000 | val fine 0.2658 coarse 0.0368 cons 0.0190 | 11s
  ep   5/30 | ce_f 1.893 ce_c 0.000 sl 0.000 | val fine 0.4712 coarse 0.0430 cons 0.0468 | 52s
  ep  10/30 | ce_f 1.023 ce_c 0.000 sl 0.000 | val fine 0.5408 coarse 0.0478 cons 0.0650 | 104s
  ep  15/30 | ce_f 0.644 ce_c 0.000 sl 0.000 | val fine 0.6332 coarse 0.0626 cons 0.0630 | 156s
  ep  20/30 | ce_f 0.356 ce_c 0.000 sl 0.000 | val fine 0.6650 coarse 0.0596 cons 0.0570 | 208s
  ep  25/30 | ce_f 0.094 ce_c 0.000 sl 0.000 | val fine 0.7106 coarse 0.0562 cons 0.0596 | 260s
  ep  30/30 | ce_f 0.035 ce_c 0.000 sl 0.000 | val fine 0.7230 coarse 0.0552 cons 0.0560 | 312s
    test fine 0.7377 coarse 0.0562 cons 0.0555
=== full_ce_both_seed1
  ep   1/30 | ce_f 3.570 ce_c 2.315 sl 0.000 | val fine 0.2196 coarse 0.3268 cons 0.4648 | 11s
  ep   5/30 | ce_f 1.722 ce_c 1.190 sl 0.000 | val fine 0.4544 coarse 0.5658 cons 0.7106 | 53s
  ep  10/30 | ce_f 1.060 ce_c 0.663 sl 0.000 | val fine 0.5846 coarse 0.7116 cons 0.8308 | 104s
  ep  15/30 | ce_f 0.719 ce_c 0.415 sl 0.000 | val fine 0.5926 coarse 0.7182 cons 0.8474 | 157s
  ep  20/30 | ce_f 0.439 ce_c 0.235 sl 0.000 | val fine 0.6740 coarse 0.7752 cons 0.8804 | 209s
  ep  25/30 | ce_f 0.158 ce_c 0.062 sl 0.000 | val fine 0.7118 coarse 0.8138 cons 0.9034 | 261s
### restart Sun Oct  4 15:02:41 KST 2026 with extended lambda grid
=== full_ce_both_sl_lam1.0_seed0
  ep   1/30 | ce_f 3.705 ce_c 2.327 sl 10.248 | val fine 0.2476 coarse 0.3778 cons 0.5158 | 11s
  ep   5/30 | ce_f 1.765 ce_c 1.260 sl 2.192 | val fine 0.4752 coarse 0.6052 cons 0.7800 | 53s
  ep  10/30 | ce_f 1.081 ce_c 0.680 sl 1.432 | val fine 0.5996 coarse 0.7354 cons 0.8520 | 105s
  ep  15/30 | ce_f 0.760 ce_c 0.432 sl 1.115 | val fine 0.6062 coarse 0.7210 cons 0.8718 | 157s
  ep  20/30 | ce_f 0.478 ce_c 0.235 sl 0.839 | val fine 0.6794 coarse 0.7870 cons 0.8936 | 209s
  ep  25/30 | ce_f 0.164 ce_c 0.050 sl 0.432 | val fine 0.7216 coarse 0.8196 cons 0.9082 | 261s
  ep  30/30 | ce_f 0.053 ce_c 0.009 sl 0.211 | val fine 0.7360 coarse 0.8358 cons 0.9150 | 313s
    test fine 0.7410 coarse 0.8392 cons 0.9085
=== full_ce_both_sl_lam2.0_seed0
  ep   1/30 | ce_f 3.700 ce_c 2.328 sl 8.716 | val fine 0.2590 coarse 0.3914 cons 0.5656 | 11s
  ep   5/30 | ce_f 1.921 ce_c 1.409 sl 1.962 | val fine 0.4792 coarse 0.6240 cons 0.8090 | 52s
  ep  10/30 | ce_f 1.316 ce_c 0.883 sl 1.284 | val fine 0.5558 coarse 0.6960 cons 0.8614 | 104s
  ep  15/30 | ce_f 0.998 ce_c 0.626 sl 1.016 | val fine 0.6206 coarse 0.7522 cons 0.8840 | 156s
  ep  20/30 | ce_f 0.705 ce_c 0.396 sl 0.793 | val fine 0.6510 coarse 0.7742 cons 0.9020 | 208s
  ep  25/30 | ce_f 0.349 ce_c 0.143 sl 0.472 | val fine 0.7088 coarse 0.8180 cons 0.9180 | 260s
  ep  30/30 | ce_f 0.147 ce_c 0.036 sl 0.245 | val fine 0.7368 coarse 0.8366 cons 0.9286 | 312s
    test fine 0.7351 coarse 0.8375 cons 0.9260
=== full_ce_both_sl_lam5.0_seed0
  ep   1/30 | ce_f 3.768 ce_c 2.389 sl 7.232 | val fine 0.2296 coarse 0.3748 cons 0.6560 | 11s
  ep   5/30 | ce_f 3.278 ce_c 2.423 sl 1.619 | val fine 0.2544 coarse 0.4294 cons 0.8372 | 52s
  ep  10/30 | ce_f 3.205 ce_c 2.232 sl 1.144 | val fine 0.3500 coarse 0.5424 cons 0.9132 | 104s
  ep  15/30 | ce_f 2.790 ce_c 1.909 sl 1.007 | val fine 0.4204 coarse 0.5874 cons 0.9162 | 156s
  ep  20/30 | ce_f 2.333 ce_c 1.570 sl 0.848 | val fine 0.5048 coarse 0.6828 cons 0.9316 | 208s
  ep  25/30 | ce_f 1.763 ce_c 1.113 sl 0.663 | val fine 0.5766 coarse 0.7452 cons 0.9476 | 260s
  ep  30/30 | ce_f 1.308 ce_c 0.767 sl 0.513 | val fine 0.6372 coarse 0.7870 cons 0.9548 | 312s
    test fine 0.6413 coarse 0.7858 cons 0.9514
*** full: val fine acc by lambda {0.005: 0.727400004863739, 0.02: 0.7271999716758728, 0.1: 0.7318000197410583, 0.5: 0.7324000000953674, 1.0: 0.7360000014305115, 2.0: 0.7368000149726868, 5.0: 0.6371999979019165} -> lambda=2.0
=== semi_ce_both_sl_lam1.0_seed0
  ep   1/30 | ce_f 5.645 ce_c 3.678 sl 14.610 | val fine 0.0318 coarse 0.1214 cons 0.2410 | 11s
  ep   5/30 | ce_f 4.051 ce_c 2.751 sl 3.598 | val fine 0.0854 coarse 0.2400 cons 0.6336 | 52s
  ep  10/30 | ce_f 3.413 ce_c 2.432 sl 3.134 | val fine 0.1556 coarse 0.3276 cons 0.6982 | 104s
  ep  15/30 | ce_f 2.843 ce_c 2.026 sl 2.808 | val fine 0.2094 coarse 0.4002 cons 0.7188 | 156s
  ep  20/30 | ce_f 2.200 ce_c 1.611 sl 2.531 | val fine 0.2806 coarse 0.4356 cons 0.7128 | 208s
  ep  25/30 | ce_f 1.188 ce_c 0.875 sl 2.134 | val fine 0.3566 coarse 0.5232 cons 0.7924 | 260s
  ep  30/30 | ce_f 0.427 ce_c 0.250 sl 1.776 | val fine 0.4012 coarse 0.5738 cons 0.8290 | 312s
    test fine 0.4069 coarse 0.5653 cons 0.8215
=== semi_ce_both_sl_lam2.0_seed0
  ep   1/30 | ce_f 5.608 ce_c 3.702 sl 11.607 | val fine 0.0268 coarse 0.1274 cons 0.4948 | 11s
  ep   5/30 | ce_f 4.935 ce_c 3.548 sl 2.357 | val fine 0.0584 coarse 0.1796 cons 0.8796 | 52s
  ep  10/30 | ce_f 4.463 ce_c 3.307 sl 2.075 | val fine 0.0700 coarse 0.1938 cons 0.9016 | 104s
  ep  15/30 | ce_f 3.870 ce_c 2.881 sl 2.195 | val fine 0.1478 coarse 0.2902 cons 0.8882 | 156s
  ep  20/30 | ce_f 3.110 ce_c 2.363 sl 2.148 | val fine 0.1794 coarse 0.3490 cons 0.8148 | 208s
  ep  25/30 | ce_f 1.983 ce_c 1.518 sl 1.942 | val fine 0.2892 coarse 0.4810 cons 0.8172 | 260s
  ep  30/30 | ce_f 1.019 ce_c 0.702 sl 1.608 | val fine 0.3408 coarse 0.5300 cons 0.8574 | 312s
    test fine 0.3538 coarse 0.5242 cons 0.8593
=== semi_ce_both_sl_lam5.0_seed0
  ep   1/30 | ce_f 5.704 ce_c 3.669 sl 8.757 | val fine 0.0326 coarse 0.1352 cons 0.5996 | 11s
  ep   5/30 | ce_f 6.918 ce_c 5.343 sl 0.943 | val fine 0.0100 coarse 0.0500 cons 1.0000 | 52s
  ep  10/30 | ce_f 6.627 ce_c 5.270 sl 0.818 | val fine 0.0114 coarse 0.0536 cons 0.9990 | 104s
  ep  15/30 | ce_f 6.235 ce_c 5.026 sl 0.840 | val fine 0.0148 coarse 0.0648 cons 0.9914 | 156s
  ep  20/30 | ce_f 5.742 ce_c 4.712 sl 0.832 | val fine 0.0138 coarse 0.0606 cons 0.9962 | 208s
  ep  25/30 | ce_f 4.814 ce_c 3.981 sl 0.851 | val fine 0.0408 coarse 0.1120 cons 0.9874 | 260s
  ep  30/30 | ce_f 3.369 ce_c 2.749 sl 0.798 | val fine 0.0648 coarse 0.1412 cons 0.9792 | 312s
    test fine 0.0649 coarse 0.1404 cons 0.9796
*** semi: val fine acc by lambda {0.005: 0.3734000027179718, 0.02: 0.3776000142097473, 0.1: 0.37459999322891235, 0.5: 0.39480000734329224, 1.0: 0.40119999647140503, 2.0: 0.3407999873161316, 5.0: 0.06480000168085098} -> lambda=1.0
=== weak_ce_both_sl_lam1.0_seed0
  ep   1/30 | ce_f 5.313 ce_c 2.710 sl 12.590 | val fine 0.0502 coarse 0.2190 cons 0.4564 | 11s
  ep   5/30 | ce_f 3.545 ce_c 2.134 sl 3.204 | val fine 0.1234 coarse 0.3192 cons 0.6884 | 52s
  ep  10/30 | ce_f 2.349 ce_c 1.531 sl 2.469 | val fine 0.2532 coarse 0.5038 cons 0.7276 | 104s
  ep  15/30 | ce_f 1.536 ce_c 1.243 sl 2.131 | val fine 0.3644 coarse 0.6000 cons 0.7606 | 156s
  ep  20/30 | ce_f 0.773 ce_c 1.002 sl 1.818 | val fine 0.4068 coarse 0.6316 cons 0.7652 | 208s
  ep  25/30 | ce_f 0.105 ce_c 0.670 sl 1.302 | val fine 0.5474 coarse 0.7476 cons 0.8546 | 260s
  ep  30/30 | ce_f 0.023 ce_c 0.477 sl 1.031 | val fine 0.5672 coarse 0.7632 cons 0.8776 | 312s
    test fine 0.5825 coarse 0.7593 cons 0.8786
=== weak_ce_both_sl_lam2.0_seed0
  ep   1/30 | ce_f 5.250 ce_c 2.689 sl 10.246 | val fine 0.0536 coarse 0.2304 cons 0.4944 | 11s
  ep   5/30 | ce_f 3.820 ce_c 2.458 sl 2.518 | val fine 0.1370 coarse 0.3358 cons 0.8576 | 52s
  ep  10/30 | ce_f 2.626 ce_c 1.792 sl 2.100 | val fine 0.2584 coarse 0.4830 cons 0.7868 | 104s
  ep  15/30 | ce_f 1.700 ce_c 1.420 sl 1.781 | val fine 0.3660 coarse 0.6024 cons 0.7972 | 156s
  ep  20/30 | ce_f 0.975 ce_c 1.172 sl 1.491 | val fine 0.4674 coarse 0.6628 cons 0.8512 | 208s
  ep  25/30 | ce_f 0.222 ce_c 0.870 sl 1.083 | val fine 0.5374 coarse 0.7304 cons 0.8856 | 260s
  ep  30/30 | ce_f 0.042 ce_c 0.663 sl 0.805 | val fine 0.5786 coarse 0.7686 cons 0.9006 | 312s
    test fine 0.5828 coarse 0.7607 cons 0.9047
=== weak_ce_both_sl_lam5.0_seed0
  ep   1/30 | ce_f 5.455 ce_c 2.774 sl 8.048 | val fine 0.0540 coarse 0.2142 cons 0.7596 | 11s
  ep   5/30 | ce_f 6.440 ce_c 4.709 sl 0.997 | val fine 0.0312 coarse 0.1052 cons 0.9952 | 52s
  ep  10/30 | ce_f 5.978 ce_c 4.637 sl 0.825 | val fine 0.0124 coarse 0.0500 cons 0.9984 | 104s
  ep  15/30 | ce_f 5.265 ce_c 4.362 sl 0.827 | val fine 0.0108 coarse 0.0502 cons 0.9990 | 156s
  ep  20/30 | ce_f 4.431 ce_c 4.147 sl 0.832 | val fine 0.0332 coarse 0.0556 cons 0.9816 | 208s
  ep  25/30 | ce_f 2.984 ce_c 3.879 sl 0.819 | val fine 0.0492 coarse 0.0688 cons 0.9822 | 260s
  ep  30/30 | ce_f 1.255 ce_c 3.537 sl 0.767 | val fine 0.0570 coarse 0.0866 cons 0.9808 | 312s
    test fine 0.0587 coarse 0.0875 cons 0.9797
*** weak: val fine acc by lambda {0.005: 0.5174000263214111, 0.02: 0.521399974822998, 0.1: 0.5357999801635742, 0.5: 0.5766000151634216, 1.0: 0.5672000050544739, 2.0: 0.5785999894142151, 5.0: 0.05700000002980232} -> lambda=2.0
=== full_ce_both_sl_lam2.0_seed0
  ep   1/30 | ce_f 3.700 ce_c 2.328 sl 8.716 | val fine 0.2590 coarse 0.3914 cons 0.5656 | 11s
  ep   5/30 | ce_f 1.917 ce_c 1.406 sl 1.971 | val fine 0.4518 coarse 0.5896 cons 0.7792 | 52s
  ep  10/30 | ce_f 1.306 ce_c 0.879 sl 1.287 | val fine 0.5558 coarse 0.7014 cons 0.8516 | 104s
  ep  15/30 | ce_f 1.002 ce_c 0.622 sl 1.024 | val fine 0.6136 coarse 0.7384 cons 0.8824 | 156s
  ep  20/30 | ce_f 0.705 ce_c 0.396 sl 0.798 | val fine 0.6432 coarse 0.7684 cons 0.9022 | 208s
  ep  25/30 | ce_f 0.347 ce_c 0.143 sl 0.477 | val fine 0.7014 coarse 0.8134 cons 0.9198 | 260s
  ep  30/30 | ce_f 0.147 ce_c 0.037 sl 0.246 | val fine 0.7356 coarse 0.8426 cons 0.9340 | 312s
    test fine 0.7413 coarse 0.8413 cons 0.9274
=== semi_ce_both_sl_lam1.0_seed0
  ep   1/30 | ce_f 5.649 ce_c 3.727 sl 14.620 | val fine 0.0286 coarse 0.1114 cons 0.0648 | 11s
  ep   5/30 | ce_f 4.079 ce_c 2.779 sl 3.594 | val fine 0.0854 coarse 0.2228 cons 0.6866 | 52s
  ep  10/30 | ce_f 3.481 ce_c 2.477 sl 3.159 | val fine 0.1538 coarse 0.3204 cons 0.6912 | 104s
  ep  15/30 | ce_f 2.981 ce_c 2.143 sl 2.888 | val fine 0.2122 coarse 0.3730 cons 0.7130 | 156s
  ep  20/30 | ce_f 2.317 ce_c 1.702 sl 2.584 | val fine 0.2484 coarse 0.4162 cons 0.7374 | 208s
  ep  25/30 | ce_f 1.299 ce_c 0.942 sl 2.188 | val fine 0.3408 coarse 0.5076 cons 0.7786 | 260s
  ep  30/30 | ce_f 0.491 ce_c 0.281 sl 1.844 | val fine 0.3824 coarse 0.5502 cons 0.8186 | 312s
    test fine 0.3930 coarse 0.5482 cons 0.8156
=== weak_ce_both_sl_lam2.0_seed0
  ep   1/30 | ce_f 5.250 ce_c 2.689 sl 10.246 | val fine 0.0536 coarse 0.2304 cons 0.4944 | 11s
  ep   5/30 | ce_f 3.816 ce_c 2.457 sl 2.522 | val fine 0.1150 coarse 0.3060 cons 0.8406 | 52s
  ep  10/30 | ce_f 2.520 ce_c 1.733 sl 2.036 | val fine 0.2796 coarse 0.5272 cons 0.7898 | 104s
  ep  15/30 | ce_f 1.751 ce_c 1.421 sl 1.787 | val fine 0.3690 coarse 0.5874 cons 0.7986 | 156s
  ep  20/30 | ce_f 0.940 ce_c 1.166 sl 1.480 | val fine 0.4512 coarse 0.6680 cons 0.8454 | 208s
  ep  25/30 | ce_f 0.216 ce_c 0.858 sl 1.079 | val fine 0.5374 coarse 0.7296 cons 0.8878 | 260s
  ep  30/30 | ce_f 0.041 ce_c 0.659 sl 0.800 | val fine 0.5704 coarse 0.7616 cons 0.9042 | 312s
    test fine 0.5843 coarse 0.7628 cons 0.9049
=== full_ce_both_seed1
  ep   1/30 | ce_f 3.570 ce_c 2.315 sl 0.000 | val fine 0.2196 coarse 0.3268 cons 0.4648 | 11s
  ep   5/30 | ce_f 1.722 ce_c 1.190 sl 0.000 | val fine 0.4544 coarse 0.5658 cons 0.7106 | 52s
  ep  10/30 | ce_f 1.060 ce_c 0.663 sl 0.000 | val fine 0.5846 coarse 0.7116 cons 0.8308 | 104s
  ep  15/30 | ce_f 0.719 ce_c 0.415 sl 0.000 | val fine 0.5926 coarse 0.7182 cons 0.8474 | 156s
  ep  20/30 | ce_f 0.439 ce_c 0.235 sl 0.000 | val fine 0.6740 coarse 0.7752 cons 0.8804 | 208s
  ep  25/30 | ce_f 0.158 ce_c 0.062 sl 0.000 | val fine 0.7118 coarse 0.8138 cons 0.9034 | 260s
  ep  30/30 | ce_f 0.067 ce_c 0.017 sl 0.000 | val fine 0.7312 coarse 0.8254 cons 0.9108 | 312s
    test fine 0.7321 coarse 0.8259 cons 0.9053
=== full_ce_both_sl_lam2.0_seed1
  ep   1/30 | ce_f 3.562 ce_c 2.299 sl 8.106 | val fine 0.2296 coarse 0.3556 cons 0.5224 | 11s
  ep   5/30 | ce_f 1.900 ce_c 1.374 sl 1.950 | val fine 0.4122 coarse 0.5520 cons 0.7970 | 52s
  ep  10/30 | ce_f 1.308 ce_c 0.873 sl 1.282 | val fine 0.5732 coarse 0.7118 cons 0.8704 | 104s
  ep  15/30 | ce_f 0.994 ce_c 0.615 sl 1.019 | val fine 0.5868 coarse 0.7046 cons 0.8682 | 156s
  ep  20/30 | ce_f 0.694 ce_c 0.390 sl 0.782 | val fine 0.6536 coarse 0.7718 cons 0.9076 | 209s
  ep  25/30 | ce_f 0.346 ce_c 0.140 sl 0.475 | val fine 0.7038 coarse 0.8092 cons 0.9172 | 261s
  ep  30/30 | ce_f 0.140 ce_c 0.034 sl 0.244 | val fine 0.7412 coarse 0.8428 cons 0.9258 | 313s
    test fine 0.7414 coarse 0.8379 cons 0.9223
=== semi_ce_fine_seed1
  ep   1/30 | ce_f 6.446 ce_c 0.000 sl 0.000 | val fine 0.0136 coarse 0.0528 cons 0.0082 | 11s
  ep   5/30 | ce_f 3.954 ce_c 0.000 sl 0.000 | val fine 0.0812 coarse 0.0466 cons 0.0102 | 52s
  ep  10/30 | ce_f 3.320 ce_c 0.000 sl 0.000 | val fine 0.1484 coarse 0.0384 cons 0.0234 | 104s
  ep  15/30 | ce_f 2.714 ce_c 0.000 sl 0.000 | val fine 0.1928 coarse 0.0520 cons 0.0502 | 156s
  ep  20/30 | ce_f 1.965 ce_c 0.000 sl 0.000 | val fine 0.2408 coarse 0.0516 cons 0.0454 | 208s
  ep  25/30 | ce_f 0.779 ce_c 0.000 sl 0.000 | val fine 0.3014 coarse 0.0584 cons 0.0666 | 260s
  ep  30/30 | ce_f 0.150 ce_c 0.000 sl 0.000 | val fine 0.3454 coarse 0.0620 cons 0.0644 | 312s
    test fine 0.3595 coarse 0.0552 cons 0.0559
=== semi_ce_both_seed1
  ep   1/30 | ce_f 6.818 ce_c 4.473 sl 0.000 | val fine 0.0142 coarse 0.0418 cons 0.7824 | 11s
  ep   5/30 | ce_f 3.954 ce_c 2.547 sl 0.000 | val fine 0.0772 coarse 0.1962 cons 0.5628 | 52s
  ep  10/30 | ce_f 3.319 ce_c 2.220 sl 0.000 | val fine 0.1518 coarse 0.2726 cons 0.5204 | 104s
  ep  15/30 | ce_f 2.795 ce_c 1.928 sl 0.000 | val fine 0.1932 coarse 0.3168 cons 0.5560 | 156s
  ep  20/30 | ce_f 2.183 ce_c 1.538 sl 0.000 | val fine 0.2600 coarse 0.3872 cons 0.5988 | 208s
  ep  25/30 | ce_f 1.206 ce_c 0.838 sl 0.000 | val fine 0.3210 coarse 0.4692 cons 0.6910 | 260s
  ep  30/30 | ce_f 0.420 ce_c 0.213 sl 0.000 | val fine 0.3586 coarse 0.5176 cons 0.7476 | 312s
    test fine 0.3674 coarse 0.5198 cons 0.7215
=== semi_ce_both_sl_lam1.0_seed1
  ep   1/30 | ce_f 6.611 ce_c 4.477 sl 20.086 | val fine 0.0192 coarse 0.0840 cons 0.1422 | 11s
  ep   5/30 | ce_f 4.155 ce_c 2.804 sl 3.489 | val fine 0.0726 coarse 0.2096 cons 0.7122 | 52s
  ep  10/30 | ce_f 3.505 ce_c 2.458 sl 3.107 | val fine 0.1340 coarse 0.2972 cons 0.7406 | 104s
  ep  15/30 | ce_f 3.029 ce_c 2.164 sl 2.888 | val fine 0.1558 coarse 0.3010 cons 0.6764 | 156s
  ep  20/30 | ce_f 2.436 ce_c 1.740 sl 2.608 | val fine 0.2392 coarse 0.3968 cons 0.7006 | 208s
  ep  25/30 | ce_f 1.384 ce_c 0.956 sl 2.201 | val fine 0.3132 coarse 0.4826 cons 0.7714 | 260s
  ep  30/30 | ce_f 0.550 ce_c 0.306 sl 1.880 | val fine 0.3608 coarse 0.5326 cons 0.8236 | 312s
    test fine 0.3745 coarse 0.5401 cons 0.8152
=== weak_ce_fine_seed1
  ep   1/30 | ce_f 6.446 ce_c 0.000 sl 0.000 | val fine 0.0136 coarse 0.0528 cons 0.0082 | 11s
  ep   5/30 | ce_f 3.954 ce_c 0.000 sl 0.000 | val fine 0.0812 coarse 0.0466 cons 0.0102 | 52s
  ep  10/30 | ce_f 3.320 ce_c 0.000 sl 0.000 | val fine 0.1484 coarse 0.0384 cons 0.0234 | 104s
  ep  15/30 | ce_f 2.714 ce_c 0.000 sl 0.000 | val fine 0.1928 coarse 0.0520 cons 0.0502 | 156s
  ep  20/30 | ce_f 1.965 ce_c 0.000 sl 0.000 | val fine 0.2408 coarse 0.0516 cons 0.0454 | 208s
  ep  25/30 | ce_f 0.779 ce_c 0.000 sl 0.000 | val fine 0.3014 coarse 0.0584 cons 0.0666 | 260s
  ep  30/30 | ce_f 0.150 ce_c 0.000 sl 0.000 | val fine 0.3454 coarse 0.0620 cons 0.0644 | 312s
    test fine 0.3595 coarse 0.0552 cons 0.0559
=== weak_ce_both_seed1
  ep   1/30 | ce_f 6.152 ce_c 2.767 sl 0.000 | val fine 0.0366 coarse 0.1970 cons 0.2610 | 11s
  ep   5/30 | ce_f 3.542 ce_c 2.145 sl 0.000 | val fine 0.1354 coarse 0.3478 cons 0.4726 | 52s
  ep  10/30 | ce_f 2.424 ce_c 1.545 sl 0.000 | val fine 0.2782 coarse 0.5234 cons 0.6168 | 104s
  ep  15/30 | ce_f 1.637 ce_c 1.263 sl 0.000 | val fine 0.3040 coarse 0.5564 cons 0.6326 | 156s
  ep  20/30 | ce_f 0.814 ce_c 1.023 sl 0.000 | val fine 0.3746 coarse 0.6098 cons 0.6496 | 208s
  ep  25/30 | ce_f 0.133 ce_c 0.699 sl 0.000 | val fine 0.4916 coarse 0.7076 cons 0.7460 | 260s
  ep  30/30 | ce_f 0.028 ce_c 0.506 sl 0.000 | val fine 0.5032 coarse 0.7258 cons 0.7648 | 312s
    test fine 0.5183 coarse 0.7330 cons 0.7604
=== weak_ce_both_sl_lam2.0_seed1
  ep   1/30 | ce_f 5.641 ce_c 2.681 sl 9.901 | val fine 0.0488 coarse 0.2268 cons 0.4666 | 11s
  ep   5/30 | ce_f 3.772 ce_c 2.433 sl 2.512 | val fine 0.1432 coarse 0.3532 cons 0.8130 | 52s
  ep  10/30 | ce_f 2.544 ce_c 1.756 sl 2.057 | val fine 0.2658 coarse 0.5006 cons 0.7770 | 104s
  ep  15/30 | ce_f 1.779 ce_c 1.437 sl 1.789 | val fine 0.3592 coarse 0.5908 cons 0.8064 | 156s
  ep  20/30 | ce_f 1.027 ce_c 1.185 sl 1.502 | val fine 0.4436 coarse 0.6410 cons 0.8380 | 208s
  ep  25/30 | ce_f 0.264 ce_c 0.880 sl 1.107 | val fine 0.5158 coarse 0.7024 cons 0.8750 | 260s
  ep  30/30 | ce_f 0.044 ce_c 0.682 sl 0.824 | val fine 0.5724 coarse 0.7604 cons 0.9108 | 312s
    test fine 0.5741 coarse 0.7611 cons 0.9040
=== full_ce_fine_seed2
  ep   1/30 | ce_f 3.518 ce_c 0.000 sl 0.000 | val fine 0.2434 coarse 0.0472 cons 0.0532 | 11s
  ep   5/30 | ce_f 1.867 ce_c 0.000 sl 0.000 | val fine 0.4732 coarse 0.0476 cons 0.0350 | 52s
  ep  10/30 | ce_f 1.018 ce_c 0.000 sl 0.000 | val fine 0.5892 coarse 0.0478 cons 0.0512 | 104s
  ep  15/30 | ce_f 0.646 ce_c 0.000 sl 0.000 | val fine 0.6146 coarse 0.0432 cons 0.0436 | 156s
  ep  20/30 | ce_f 0.355 ce_c 0.000 sl 0.000 | val fine 0.6662 coarse 0.0350 cons 0.0358 | 208s
  ep  25/30 | ce_f 0.090 ce_c 0.000 sl 0.000 | val fine 0.7124 coarse 0.0370 cons 0.0376 | 260s
  ep  30/30 | ce_f 0.036 ce_c 0.000 sl 0.000 | val fine 0.7282 coarse 0.0366 cons 0.0360 | 312s
    test fine 0.7347 coarse 0.0376 cons 0.0394
=== full_ce_both_seed2
  ep   1/30 | ce_f 3.551 ce_c 2.323 sl 0.000 | val fine 0.2354 coarse 0.3776 cons 0.4796 | 11s
  ep   5/30 | ce_f 1.734 ce_c 1.192 sl 0.000 | val fine 0.4528 coarse 0.5786 cons 0.7170 | 52s
  ep  10/30 | ce_f 1.076 ce_c 0.667 sl 0.000 | val fine 0.5690 coarse 0.6842 cons 0.8102 | 104s
  ep  15/30 | ce_f 0.729 ce_c 0.426 sl 0.000 | val fine 0.6164 coarse 0.7246 cons 0.8514 | 156s
  ep  20/30 | ce_f 0.452 ce_c 0.241 sl 0.000 | val fine 0.6666 coarse 0.7726 cons 0.8708 | 208s
  ep  25/30 | ce_f 0.158 ce_c 0.061 sl 0.000 | val fine 0.7106 coarse 0.8138 cons 0.8990 | 260s
  ep  30/30 | ce_f 0.067 ce_c 0.019 sl 0.000 | val fine 0.7328 coarse 0.8294 cons 0.9146 | 312s
    test fine 0.7303 coarse 0.8263 cons 0.9121
=== full_ce_both_sl_lam2.0_seed2
  ep   1/30 | ce_f 3.555 ce_c 2.302 sl 8.196 | val fine 0.2252 coarse 0.3784 cons 0.5704 | 11s
  ep   5/30 | ce_f 1.912 ce_c 1.387 sl 1.955 | val fine 0.4542 coarse 0.6112 cons 0.8190 | 52s
  ep  10/30 | ce_f 1.332 ce_c 0.894 sl 1.300 | val fine 0.5762 coarse 0.7096 cons 0.8704 | 104s
  ep  15/30 | ce_f 1.000 ce_c 0.617 sl 1.024 | val fine 0.6110 coarse 0.7448 cons 0.8870 | 156s
  ep  20/30 | ce_f 0.706 ce_c 0.400 sl 0.792 | val fine 0.6538 coarse 0.7724 cons 0.8972 | 208s
  ep  25/30 | ce_f 0.350 ce_c 0.144 sl 0.475 | val fine 0.7208 coarse 0.8242 cons 0.9198 | 260s
  ep  30/30 | ce_f 0.146 ce_c 0.033 sl 0.246 | val fine 0.7440 coarse 0.8472 cons 0.9274 | 312s
    test fine 0.7407 coarse 0.8388 cons 0.9256
=== semi_ce_fine_seed2
  ep   1/30 | ce_f 6.418 ce_c 0.000 sl 0.000 | val fine 0.0360 coarse 0.0498 cons 0.0232 | 11s
  ep   5/30 | ce_f 3.972 ce_c 0.000 sl 0.000 | val fine 0.0910 coarse 0.0412 cons 0.0646 | 52s
  ep  10/30 | ce_f 3.337 ce_c 0.000 sl 0.000 | val fine 0.1516 coarse 0.0496 cons 0.0808 | 104s
  ep  15/30 | ce_f 2.683 ce_c 0.000 sl 0.000 | val fine 0.2198 coarse 0.0520 cons 0.0654 | 156s
  ep  20/30 | ce_f 1.924 ce_c 0.000 sl 0.000 | val fine 0.2488 coarse 0.0314 cons 0.0264 | 208s
  ep  25/30 | ce_f 0.746 ce_c 0.000 sl 0.000 | val fine 0.3130 coarse 0.0366 cons 0.0382 | 260s
  ep  30/30 | ce_f 0.148 ce_c 0.000 sl 0.000 | val fine 0.3550 coarse 0.0380 cons 0.0372 | 312s
    test fine 0.3694 coarse 0.0394 cons 0.0338
=== semi_ce_both_seed2
  ep   1/30 | ce_f 7.022 ce_c 4.938 sl 0.000 | val fine 0.0138 coarse 0.0820 cons 0.2236 | 11s
  ep   5/30 | ce_f 3.949 ce_c 2.554 sl 0.000 | val fine 0.0904 coarse 0.2206 cons 0.4726 | 52s
  ep  10/30 | ce_f 3.344 ce_c 2.246 sl 0.000 | val fine 0.1486 coarse 0.2778 cons 0.5504 | 104s
  ep  15/30 | ce_f 2.873 ce_c 1.988 sl 0.000 | val fine 0.2016 coarse 0.3308 cons 0.5554 | 156s
  ep  20/30 | ce_f 2.337 ce_c 1.697 sl 0.000 | val fine 0.2210 coarse 0.3658 cons 0.6356 | 208s
  ep  25/30 | ce_f 1.399 ce_c 1.004 sl 0.000 | val fine 0.3008 coarse 0.4420 cons 0.6632 | 260s
  ep  30/30 | ce_f 0.542 ce_c 0.305 sl 0.000 | val fine 0.3362 coarse 0.4852 cons 0.7136 | 312s
    test fine 0.3466 coarse 0.4889 cons 0.6959
=== semi_ce_both_sl_lam1.0_seed2
  ep   1/30 | ce_f 6.669 ce_c 4.546 sl 19.925 | val fine 0.0150 coarse 0.0840 cons 0.3278 | 11s
  ep   5/30 | ce_f 4.083 ce_c 2.776 sl 3.541 | val fine 0.0842 coarse 0.2506 cons 0.7036 | 52s
  ep  10/30 | ce_f 3.517 ce_c 2.479 sl 3.156 | val fine 0.1410 coarse 0.3010 cons 0.6682 | 104s
  ep  15/30 | ce_f 3.059 ce_c 2.187 sl 2.928 | val fine 0.1956 coarse 0.3484 cons 0.7024 | 156s
  ep  20/30 | ce_f 2.421 ce_c 1.777 sl 2.634 | val fine 0.2466 coarse 0.4158 cons 0.7420 | 208s
  ep  25/30 | ce_f 1.448 ce_c 1.030 sl 2.228 | val fine 0.3226 coarse 0.4870 cons 0.7690 | 261s
  ep  30/30 | ce_f 0.600 ce_c 0.340 sl 1.892 | val fine 0.3718 coarse 0.5422 cons 0.8186 | 313s
    test fine 0.3772 coarse 0.5400 cons 0.8190
=== weak_ce_fine_seed2
  ep   1/30 | ce_f 6.418 ce_c 0.000 sl 0.000 | val fine 0.0360 coarse 0.0498 cons 0.0232 | 11s
  ep   5/30 | ce_f 3.972 ce_c 0.000 sl 0.000 | val fine 0.0910 coarse 0.0412 cons 0.0646 | 52s
  ep  10/30 | ce_f 3.337 ce_c 0.000 sl 0.000 | val fine 0.1516 coarse 0.0496 cons 0.0808 | 104s
  ep  15/30 | ce_f 2.683 ce_c 0.000 sl 0.000 | val fine 0.2198 coarse 0.0520 cons 0.0654 | 156s
  ep  20/30 | ce_f 1.924 ce_c 0.000 sl 0.000 | val fine 0.2488 coarse 0.0314 cons 0.0264 | 208s
  ep  25/30 | ce_f 0.746 ce_c 0.000 sl 0.000 | val fine 0.3130 coarse 0.0366 cons 0.0382 | 260s
  ep  30/30 | ce_f 0.148 ce_c 0.000 sl 0.000 | val fine 0.3550 coarse 0.0380 cons 0.0372 | 312s
    test fine 0.3694 coarse 0.0394 cons 0.0338
=== weak_ce_both_seed2
  ep   1/30 | ce_f 6.324 ce_c 2.831 sl 0.000 | val fine 0.0438 coarse 0.1886 cons 0.1730 | 11s
  ep   5/30 | ce_f 3.631 ce_c 2.196 sl 0.000 | val fine 0.1328 coarse 0.3398 cons 0.4800 | 52s
  ep  10/30 | ce_f 2.568 ce_c 1.631 sl 0.000 | val fine 0.2386 coarse 0.4644 cons 0.5946 | 104s
  ep  15/30 | ce_f 1.744 ce_c 1.313 sl 0.000 | val fine 0.3098 coarse 0.5520 cons 0.6434 | 156s
  ep  20/30 | ce_f 0.948 ce_c 1.077 sl 0.000 | val fine 0.3656 coarse 0.6278 cons 0.6606 | 209s
  ep  25/30 | ce_f 0.156 ce_c 0.743 sl 0.000 | val fine 0.4706 coarse 0.7052 cons 0.7278 | 261s
  ep  30/30 | ce_f 0.034 ce_c 0.541 sl 0.000 | val fine 0.5034 coarse 0.7256 cons 0.7404 | 312s
    test fine 0.5038 coarse 0.7189 cons 0.7445
=== weak_ce_both_sl_lam2.0_seed2
  ep   1/30 | ce_f 5.826 ce_c 2.731 sl 10.545 | val fine 0.0436 coarse 0.1800 cons 0.5206 | 11s
  ep   5/30 | ce_f 4.110 ce_c 2.689 sl 2.489 | val fine 0.1162 coarse 0.3148 cons 0.8794 | 52s
  ep  10/30 | ce_f 2.834 ce_c 1.905 sl 2.093 | val fine 0.2584 coarse 0.4772 cons 0.7886 | 104s
  ep  15/30 | ce_f 1.897 ce_c 1.493 sl 1.840 | val fine 0.3368 coarse 0.5592 cons 0.7948 | 156s
  ep  20/30 | ce_f 1.059 ce_c 1.212 sl 1.555 | val fine 0.4322 coarse 0.6498 cons 0.8374 | 208s
  ep  25/30 | ce_f 0.324 ce_c 0.912 sl 1.169 | val fine 0.5272 coarse 0.7246 cons 0.8770 | 260s
  ep  30/30 | ce_f 0.056 ce_c 0.701 sl 0.864 | val fine 0.5704 coarse 0.7550 cons 0.9000 | 312s
    test fine 0.5769 coarse 0.7543 cons 0.8969
ALL DONE
### restart Mon Oct  5 00:22:09 KST 2026 exactly-one ablation
*** full: val fine acc by lambda {0.005: 0.727400004863739, 0.02: 0.7271999716758728, 0.1: 0.7318000197410583, 0.5: 0.7324000000953674, 1.0: 0.7360000014305115, 2.0: 0.7368000149726868, 5.0: 0.6371999979019165} -> lambda=2.0
*** semi: val fine acc by lambda {0.005: 0.3734000027179718, 0.02: 0.3776000142097473, 0.1: 0.37459999322891235, 0.5: 0.39480000734329224, 1.0: 0.40119999647140503, 2.0: 0.3407999873161316, 5.0: 0.06480000168085098} -> lambda=1.0
*** weak: val fine acc by lambda {0.005: 0.5174000263214111, 0.02: 0.521399974822998, 0.1: 0.5357999801635742, 0.5: 0.5766000151634216, 1.0: 0.5672000050544739, 2.0: 0.5785999894142151, 5.0: 0.05700000002980232} -> lambda=2.0
=== full_ce_both_eo_lam0.5_seed0
  ep   1/30 | ce_f 3.712 ce_c 2.333 sl 10.227 | val fine 0.2688 coarse 0.3754 cons 0.4788 | 11s
  ep   5/30 | ce_f 1.749 ce_c 1.209 sl 1.650 | val fine 0.4716 coarse 0.5648 cons 0.6970 | 53s
  ep  10/30 | ce_f 1.041 ce_c 0.631 sl 1.237 | val fine 0.5672 coarse 0.7034 cons 0.8048 | 106s
  ep  15/30 | ce_f 0.691 ce_c 0.387 sl 1.005 | val fine 0.6068 coarse 0.7212 cons 0.8328 | 159s
  ep  20/30 | ce_f 0.403 ce_c 0.198 sl 0.784 | val fine 0.6728 coarse 0.7766 cons 0.8580 | 212s
  ep  25/30 | ce_f 0.117 ce_c 0.038 sl 0.425 | val fine 0.7206 coarse 0.8202 cons 0.8926 | 264s
  ep  30/30 | ce_f 0.037 ce_c 0.008 sl 0.243 | val fine 0.7352 coarse 0.8400 cons 0.9032 | 317s
    test fine 0.7367 coarse 0.8299 cons 0.8956
=== full_ce_both_eo_lam1.0_seed0
  ep   1/30 | ce_f 3.708 ce_c 2.325 sl 8.186 | val fine 0.2600 coarse 0.3618 cons 0.4778 | 11s
  ep   5/30 | ce_f 1.748 ce_c 1.218 sl 1.553 | val fine 0.4558 coarse 0.5732 cons 0.7212 | 53s
  ep  10/30 | ce_f 1.051 ce_c 0.641 sl 1.113 | val fine 0.5778 coarse 0.7104 cons 0.8140 | 106s
  ep  15/30 | ce_f 0.720 ce_c 0.404 sl 0.884 | val fine 0.6442 coarse 0.7578 cons 0.8538 | 159s
  ep  20/30 | ce_f 0.427 ce_c 0.209 sl 0.679 | val fine 0.6672 coarse 0.7780 cons 0.8632 | 211s
  ep  25/30 | ce_f 0.137 ce_c 0.044 sl 0.361 | val fine 0.7112 coarse 0.8192 cons 0.8840 | 264s
  ep  30/30 | ce_f 0.038 ce_c 0.007 sl 0.182 | val fine 0.7408 coarse 0.8344 cons 0.9060 | 317s
    test fine 0.7405 coarse 0.8345 cons 0.8967
=== full_ce_both_eo_lam2.0_seed0
  ep   1/30 | ce_f 3.722 ce_c 2.326 sl 6.715 | val fine 0.2520 coarse 0.3926 cons 0.4946 | 11s
  ep   5/30 | ce_f 1.797 ce_c 1.262 sl 1.465 | val fine 0.4984 coarse 0.6236 cons 0.7476 | 53s
  ep  10/30 | ce_f 1.150 ce_c 0.716 sl 0.985 | val fine 0.5828 coarse 0.7086 cons 0.8096 | 106s
  ep  15/30 | ce_f 0.829 ce_c 0.473 sl 0.776 | val fine 0.6250 coarse 0.7614 cons 0.8602 | 158s
  ep  20/30 | ce_f 0.548 ce_c 0.280 sl 0.595 | val fine 0.6664 coarse 0.7874 cons 0.8774 | 211s
  ep  25/30 | ce_f 0.225 ce_c 0.079 sl 0.340 | val fine 0.7156 coarse 0.8208 cons 0.8944 | 263s
  ep  30/30 | ce_f 0.067 ce_c 0.013 sl 0.164 | val fine 0.7424 coarse 0.8406 cons 0.9124 | 315s
    test fine 0.7425 coarse 0.8329 cons 0.9064
*** full (eo): val fine acc by lambda {0.5: 0.7351999878883362, 1.0: 0.7408000230789185, 2.0: 0.7423999905586243} -> lambda=2.0
=== semi_ce_both_eo_lam0.5_seed0
  ep   1/30 | ce_f 5.559 ce_c 4.018 sl 16.810 | val fine 0.0284 coarse 0.1106 cons 0.2088 | 11s
  ep   5/30 | ce_f 3.898 ce_c 2.547 sl 2.079 | val fine 0.0948 coarse 0.2024 cons 0.3914 | 52s
  ep  10/30 | ce_f 3.280 ce_c 2.236 sl 1.940 | val fine 0.1634 coarse 0.2748 cons 0.5170 | 104s
  ep  15/30 | ce_f 2.751 ce_c 1.934 sl 1.891 | val fine 0.1918 coarse 0.3472 cons 0.5776 | 157s
  ep  20/30 | ce_f 2.134 ce_c 1.515 sl 1.804 | val fine 0.2440 coarse 0.3822 cons 0.6340 | 209s
  ep  25/30 | ce_f 1.104 ce_c 0.783 sl 1.689 | val fine 0.3364 coarse 0.4898 cons 0.6934 | 261s
  ep  30/30 | ce_f 0.383 ce_c 0.211 sl 1.549 | val fine 0.3662 coarse 0.5388 cons 0.7364 | 313s
    test fine 0.3858 coarse 0.5348 cons 0.7169
=== semi_ce_both_eo_lam1.0_seed0
  ep   1/30 | ce_f 5.923 ce_c 3.781 sl 11.924 | val fine 0.0338 coarse 0.1152 cons 0.1144 | 11s
  ep   5/30 | ce_f 3.894 ce_c 2.562 sl 2.022 | val fine 0.1008 coarse 0.2160 cons 0.3602 | 52s
  ep  10/30 | ce_f 3.191 ce_c 2.176 sl 1.887 | val fine 0.1668 coarse 0.3218 cons 0.5186 | 104s
  ep  15/30 | ce_f 2.658 ce_c 1.861 sl 1.800 | val fine 0.2048 coarse 0.3748 cons 0.5766 | 156s
  ep  20/30 | ce_f 2.045 ce_c 1.463 sl 1.690 | val fine 0.2748 coarse 0.4264 cons 0.6436 | 209s
  ep  25/30 | ce_f 1.005 ce_c 0.738 sl 1.531 | val fine 0.3568 coarse 0.5018 cons 0.6996 | 261s
  ep  30/30 | ce_f 0.308 ce_c 0.165 sl 1.334 | val fine 0.3968 coarse 0.5542 cons 0.7430 | 313s
    test fine 0.4085 coarse 0.5514 cons 0.7398
=== semi_ce_both_eo_lam2.0_seed0
  ep   1/30 | ce_f 5.599 ce_c 3.717 sl 8.954 | val fine 0.0244 coarse 0.1060 cons 0.1612 | 11s
  ep   5/30 | ce_f 3.922 ce_c 2.602 sl 1.960 | val fine 0.1004 coarse 0.2254 cons 0.3830 | 52s
  ep  10/30 | ce_f 3.321 ce_c 2.291 sl 1.829 | val fine 0.1542 coarse 0.3070 cons 0.4726 | 105s
  ep  15/30 | ce_f 2.801 ce_c 1.969 sl 1.724 | val fine 0.2016 coarse 0.3730 cons 0.5898 | 157s
  ep  20/30 | ce_f 2.199 ce_c 1.618 sl 1.598 | val fine 0.2538 coarse 0.4298 cons 0.6282 | 209s
  ep  25/30 | ce_f 1.200 ce_c 0.871 sl 1.403 | val fine 0.3518 coarse 0.5214 cons 0.7212 | 261s
  ep  30/30 | ce_f 0.428 ce_c 0.239 sl 1.192 | val fine 0.3910 coarse 0.5686 cons 0.7486 | 313s
    test fine 0.4089 coarse 0.5621 cons 0.7616
*** semi (eo): val fine acc by lambda {0.5: 0.3662000000476837, 1.0: 0.3968000113964081, 2.0: 0.39100000262260437} -> lambda=1.0
=== weak_ce_both_eo_lam0.5_seed0
  ep   1/30 | ce_f 5.403 ce_c 2.698 sl 13.242 | val fine 0.0502 coarse 0.2390 cons 0.2890 | 11s
  ep   5/30 | ce_f 3.356 ce_c 1.939 sl 2.011 | val fine 0.1654 coarse 0.3654 cons 0.5210 | 52s
  ep  10/30 | ce_f 2.165 ce_c 1.383 sl 1.781 | val fine 0.2978 coarse 0.5470 cons 0.6172 | 105s
  ep  15/30 | ce_f 1.403 ce_c 1.144 sl 1.625 | val fine 0.3628 coarse 0.6032 cons 0.6296 | 157s
  ep  20/30 | ce_f 0.638 ce_c 0.911 sl 1.462 | val fine 0.4166 coarse 0.6598 cons 0.6942 | 209s
  ep  25/30 | ce_f 0.077 ce_c 0.558 sl 1.144 | val fine 0.5364 coarse 0.7466 cons 0.7786 | 261s
  ep  30/30 | ce_f 0.017 ce_c 0.375 sl 0.982 | val fine 0.5456 coarse 0.7576 cons 0.7906 | 313s
    test fine 0.5585 coarse 0.7555 cons 0.7935
=== weak_ce_both_eo_lam1.0_seed0
  ep   1/30 | ce_f 5.375 ce_c 2.705 sl 9.900 | val fine 0.0556 coarse 0.2344 cons 0.3232 | 11s
  ep   5/30 | ce_f 3.482 ce_c 2.020 sl 1.932 | val fine 0.1410 coarse 0.3522 cons 0.5082 | 52s
  ep  10/30 | ce_f 2.330 ce_c 1.461 sl 1.697 | val fine 0.2538 coarse 0.5198 cons 0.5920 | 104s
  ep  15/30 | ce_f 1.517 ce_c 1.194 sl 1.524 | val fine 0.3340 coarse 0.5674 cons 0.6362 | 157s
  ep  20/30 | ce_f 0.727 ce_c 0.956 sl 1.350 | val fine 0.4252 coarse 0.6478 cons 0.7148 | 209s
  ep  25/30 | ce_f 0.094 ce_c 0.617 sl 1.038 | val fine 0.5334 coarse 0.7416 cons 0.7880 | 261s
  ep  30/30 | ce_f 0.023 ce_c 0.416 sl 0.854 | val fine 0.5578 coarse 0.7610 cons 0.8030 | 313s
    test fine 0.5700 coarse 0.7581 cons 0.8090
=== weak_ce_both_eo_lam2.0_seed0
  ep   1/30 | ce_f 5.293 ce_c 2.672 sl 7.734 | val fine 0.0438 coarse 0.2302 cons 0.2934 | 11s
  ep   5/30 | ce_f 3.435 ce_c 1.989 sl 1.862 | val fine 0.1614 coarse 0.3814 cons 0.5186 | 52s
  ep  10/30 | ce_f 2.251 ce_c 1.450 sl 1.531 | val fine 0.2912 coarse 0.5366 cons 0.6652 | 104s
  ep  15/30 | ce_f 1.469 ce_c 1.215 sl 1.353 | val fine 0.3682 coarse 0.6044 cons 0.6936 | 157s
  ep  20/30 | ce_f 0.742 ce_c 0.985 sl 1.158 | val fine 0.4496 coarse 0.6750 cons 0.7434 | 209s
  ep  25/30 | ce_f 0.130 ce_c 0.676 sl 0.865 | val fine 0.5146 coarse 0.7356 cons 0.7976 | 261s
  ep  30/30 | ce_f 0.026 ce_c 0.465 sl 0.671 | val fine 0.5680 coarse 0.7644 cons 0.8264 | 313s
    test fine 0.5779 coarse 0.7642 cons 0.8274
*** weak (eo): val fine acc by lambda {0.5: 0.5455999970436096, 1.0: 0.5577999949455261, 2.0: 0.5680000185966492} -> lambda=2.0
=== full_ce_both_eo_lam2.0_seed0
  ep   1/30 | ce_f 3.722 ce_c 2.326 sl 6.715 | val fine 0.2520 coarse 0.3926 cons 0.4946 | 11s
  ep   5/30 | ce_f 1.797 ce_c 1.262 sl 1.465 | val fine 0.4984 coarse 0.6236 cons 0.7476 | 52s
  ep  10/30 | ce_f 1.150 ce_c 0.716 sl 0.985 | val fine 0.5828 coarse 0.7086 cons 0.8096 | 105s
  ep  15/30 | ce_f 0.829 ce_c 0.473 sl 0.776 | val fine 0.6250 coarse 0.7614 cons 0.8602 | 157s
  ep  20/30 | ce_f 0.548 ce_c 0.280 sl 0.595 | val fine 0.6664 coarse 0.7874 cons 0.8774 | 209s
  ep  25/30 | ce_f 0.225 ce_c 0.079 sl 0.340 | val fine 0.7156 coarse 0.8208 cons 0.8944 | 261s
  ep  30/30 | ce_f 0.067 ce_c 0.013 sl 0.164 | val fine 0.7424 coarse 0.8406 cons 0.9124 | 313s
    test fine 0.7425 coarse 0.8329 cons 0.9064
=== semi_ce_both_eo_lam1.0_seed0
  ep   1/30 | ce_f 5.923 ce_c 3.781 sl 11.924 | val fine 0.0338 coarse 0.1152 cons 0.1144 | 11s
  ep   5/30 | ce_f 3.894 ce_c 2.562 sl 2.022 | val fine 0.1008 coarse 0.2160 cons 0.3602 | 52s
  ep  10/30 | ce_f 3.191 ce_c 2.176 sl 1.887 | val fine 0.1668 coarse 0.3218 cons 0.5186 | 105s
  ep  15/30 | ce_f 2.658 ce_c 1.861 sl 1.800 | val fine 0.2048 coarse 0.3748 cons 0.5766 | 157s
  ep  20/30 | ce_f 2.045 ce_c 1.463 sl 1.690 | val fine 0.2748 coarse 0.4264 cons 0.6436 | 209s
  ep  25/30 | ce_f 1.005 ce_c 0.738 sl 1.531 | val fine 0.3568 coarse 0.5018 cons 0.6996 | 261s
  ep  30/30 | ce_f 0.308 ce_c 0.165 sl 1.334 | val fine 0.3968 coarse 0.5542 cons 0.7430 | 313s
    test fine 0.4085 coarse 0.5514 cons 0.7398
=== weak_ce_both_eo_lam2.0_seed0
  ep   1/30 | ce_f 5.293 ce_c 2.672 sl 7.734 | val fine 0.0438 coarse 0.2302 cons 0.2934 | 11s
  ep   5/30 | ce_f 3.435 ce_c 1.989 sl 1.862 | val fine 0.1614 coarse 0.3814 cons 0.5186 | 52s
  ep  10/30 | ce_f 2.251 ce_c 1.450 sl 1.531 | val fine 0.2912 coarse 0.5366 cons 0.6652 | 105s
  ep  15/30 | ce_f 1.469 ce_c 1.215 sl 1.353 | val fine 0.3682 coarse 0.6044 cons 0.6936 | 157s
  ep  20/30 | ce_f 0.742 ce_c 0.985 sl 1.158 | val fine 0.4496 coarse 0.6750 cons 0.7434 | 209s
  ep  25/30 | ce_f 0.130 ce_c 0.676 sl 0.865 | val fine 0.5146 coarse 0.7356 cons 0.7976 | 261s
  ep  30/30 | ce_f 0.026 ce_c 0.465 sl 0.671 | val fine 0.5680 coarse 0.7644 cons 0.8264 | 313s
    test fine 0.5779 coarse 0.7642 cons 0.8274
=== full_ce_both_eo_lam2.0_seed1
  ep   1/30 | ce_f 3.566 ce_c 2.293 sl 6.149 | val fine 0.2378 coarse 0.3576 cons 0.5126 | 11s
  ep   5/30 | ce_f 1.776 ce_c 1.236 sl 1.448 | val fine 0.4752 coarse 0.6326 cons 0.7478 | 52s
  ep  10/30 | ce_f 1.142 ce_c 0.714 sl 0.974 | val fine 0.5682 coarse 0.7014 cons 0.8308 | 105s
  ep  15/30 | ce_f 0.822 ce_c 0.474 sl 0.766 | val fine 0.5706 coarse 0.7112 cons 0.8358 | 157s
  ep  20/30 | ce_f 0.538 ce_c 0.278 sl 0.595 | val fine 0.6664 coarse 0.7774 cons 0.8768 | 209s
  ep  25/30 | ce_f 0.216 ce_c 0.084 sl 0.343 | val fine 0.7136 coarse 0.8192 cons 0.9008 | 261s
  ep  30/30 | ce_f 0.066 ce_c 0.014 sl 0.164 | val fine 0.7420 coarse 0.8408 cons 0.9156 | 313s
    test fine 0.7388 coarse 0.8403 cons 0.9096
=== semi_ce_both_eo_lam1.0_seed1
  ep   1/30 | ce_f 6.530 ce_c 4.231 sl 17.293 | val fine 0.0142 coarse 0.0552 cons 0.0104 | 11s
  ep   5/30 | ce_f 3.931 ce_c 2.563 sl 1.992 | val fine 0.0850 coarse 0.2202 cons 0.4988 | 52s
  ep  10/30 | ce_f 3.272 ce_c 2.225 sl 1.888 | val fine 0.1340 coarse 0.2824 cons 0.5104 | 105s
  ep  15/30 | ce_f 2.770 ce_c 1.920 sl 1.806 | val fine 0.2052 coarse 0.3382 cons 0.5754 | 157s
  ep  20/30 | ce_f 2.111 ce_c 1.471 sl 1.710 | val fine 0.2616 coarse 0.3908 cons 0.6102 | 209s
  ep  25/30 | ce_f 1.099 ce_c 0.748 sl 1.527 | val fine 0.3384 coarse 0.4724 cons 0.6942 | 261s
  ep  30/30 | ce_f 0.360 ce_c 0.175 sl 1.359 | val fine 0.3840 coarse 0.5526 cons 0.7474 | 313s
    test fine 0.3966 coarse 0.5504 cons 0.7376
=== weak_ce_both_eo_lam2.0_seed1
  ep   1/30 | ce_f 5.517 ce_c 2.652 sl 7.334 | val fine 0.0526 coarse 0.2388 cons 0.2906 | 11s
  ep   5/30 | ce_f 3.340 ce_c 1.911 sl 1.838 | val fine 0.1622 coarse 0.4320 cons 0.4866 | 52s
  ep  10/30 | ce_f 2.211 ce_c 1.418 sl 1.506 | val fine 0.3226 coarse 0.5542 cons 0.6654 | 105s
  ep  15/30 | ce_f 1.501 ce_c 1.191 sl 1.327 | val fine 0.3662 coarse 0.6036 cons 0.6972 | 157s
  ep  20/30 | ce_f 0.734 ce_c 0.972 sl 1.141 | val fine 0.4510 coarse 0.6752 cons 0.7352 | 209s
  ep  25/30 | ce_f 0.159 ce_c 0.668 sl 0.859 | val fine 0.5490 coarse 0.7450 cons 0.8166 | 261s
  ep  30/30 | ce_f 0.021 ce_c 0.456 sl 0.658 | val fine 0.5790 coarse 0.7732 cons 0.8418 | 313s
    test fine 0.5752 coarse 0.7737 cons 0.8269
=== full_ce_both_eo_lam2.0_seed2
  ep   1/30 | ce_f 3.546 ce_c 2.283 sl 6.263 | val fine 0.2398 coarse 0.3796 cons 0.5512 | 11s
  ep   5/30 | ce_f 1.787 ce_c 1.255 sl 1.457 | val fine 0.4182 coarse 0.5766 cons 0.7286 | 52s
  ep  10/30 | ce_f 1.141 ce_c 0.716 sl 0.981 | val fine 0.5732 coarse 0.7032 cons 0.8218 | 105s
  ep  15/30 | ce_f 0.822 ce_c 0.476 sl 0.769 | val fine 0.6090 coarse 0.7132 cons 0.8448 | 2038s
  ep  20/30 | ce_f 0.540 ce_c 0.279 sl 0.593 | val fine 0.6596 coarse 0.7896 cons 0.8690 | 3351s
  ep  25/30 | ce_f 0.212 ce_c 0.076 sl 0.337 | val fine 0.7294 coarse 0.8326 cons 0.9010 | 5427s
  ep  30/30 | ce_f 0.068 ce_c 0.013 sl 0.159 | val fine 0.7414 coarse 0.8446 cons 0.9146 | 7461s
    test fine 0.7407 coarse 0.8355 cons 0.9100
=== semi_ce_both_eo_lam1.0_seed2
  ep   1/30 | ce_f 6.622 ce_c 4.725 sl 17.085 | val fine 0.0230 coarse 0.1032 cons 0.0906 | 23s
  ep   5/30 | ce_f 3.937 ce_c 2.566 sl 2.004 | val fine 0.1002 coarse 0.2468 cons 0.5238 | 2031s
  ep  10/30 | ce_f 3.320 ce_c 2.245 sl 1.893 | val fine 0.1608 coarse 0.3258 cons 0.5542 | 5063s
  ep  15/30 | ce_f 2.810 ce_c 1.961 sl 1.816 | val fine 0.2158 coarse 0.3758 cons 0.5810 | 7112s
  ep  20/30 | ce_f 2.204 ce_c 1.598 sl 1.722 | val fine 0.2566 coarse 0.4226 cons 0.6396 | 9119s
  ep  25/30 | ce_f 1.192 ce_c 0.849 sl 1.566 | val fine 0.3324 coarse 0.4874 cons 0.6944 | 10158s
  ep  30/30 | ce_f 0.444 ce_c 0.237 sl 1.396 | val fine 0.3784 coarse 0.5330 cons 0.7420 | 12180s
    test fine 0.3901 coarse 0.5405 cons 0.7372
=== weak_ce_both_eo_lam2.0_seed2
  ep   1/30 | ce_f 5.980 ce_c 2.726 sl 7.861 | val fine 0.0510 coarse 0.2020 cons 0.3342 | 23s
  ep   5/30 | ce_f 3.525 ce_c 2.042 sl 1.864 | val fine 0.1590 coarse 0.3954 cons 0.5558 | 2005s
  ep  10/30 | ce_f 2.360 ce_c 1.483 sl 1.548 | val fine 0.2884 coarse 0.5188 cons 0.6286 | 3996s
  ep  15/30 | ce_f 1.590 ce_c 1.228 sl 1.361 | val fine 0.3580 coarse 0.6042 cons 0.7064 | 6230s
  ep  20/30 | ce_f 0.815 ce_c 1.007 sl 1.184 | val fine 0.4356 coarse 0.6670 cons 0.7438 | 8051s
  ep  25/30 | ce_f 0.183 ce_c 0.700 sl 0.900 | val fine 0.5260 coarse 0.7288 cons 0.7956 | 8103s
  ep  30/30 | ce_f 0.030 ce_c 0.488 sl 0.694 | val fine 0.5612 coarse 0.7630 cons 0.8218 | 8156s
    test fine 0.5686 coarse 0.7636 cons 0.8228
ALL DONE
